{"timestamp":"2026-05-01T11:44:08.362Z","action":"upload_staged","originalName":"Economic Quarterly data Final.xlsx","stagedFilename":"2026-05-01T11-44-08-361Z_Economic Quarterly data Final.xlsx","size":267766,"uploadedAt":"2026-05-01T11:44:08.359Z"}
{"timestamp":"2026-05-01T11:45:39.427Z","action":"staged_file_removed","stagedFilename":"2026-05-01T11-44-08-361Z_Economic Quarterly data Final.xlsx","originalName":"Economic Quarterly data Final.xlsx"}
{"timestamp":"2026-05-01T11:49:57.787Z","action":"upload_staged","originalName":"Economic Quarterly data Final.xlsx","stagedFilename":"2026-05-01T11-49-57-786Z_Economic Quarterly data Final.xlsx","size":265888,"uploadedAt":"2026-05-01T11:49:57.785Z"}
{"timestamp":"2026-05-01T11:52:45.230Z","action":"staged_file_removed","stagedFilename":"2026-05-01T11-49-57-786Z_Economic Quarterly data Final.xlsx","originalName":"Economic Quarterly data Final.xlsx"}
{"timestamp":"2026-05-01T12:12:10.899Z","action":"upload_staged","originalName":"Economic Quarterly data Final.xlsx","stagedFilename":"2026-05-01T12-12-10-898Z_Economic Quarterly data Final.xlsx","size":264395,"uploadedAt":"2026-05-01T12:12:10.897Z"}
{"timestamp":"2026-05-01T12:18:12.382Z","action":"staged_file_removed","stagedFilename":"2026-05-01T12-12-10-898Z_Economic Quarterly data Final.xlsx","originalName":"Economic Quarterly data Final.xlsx"}
{"timestamp":"2026-05-01T12:18:12.384Z","action":"upload_staged","originalName":"Economic Quarterly data Final.xlsx","stagedFilename":"2026-05-01T12-18-12-384Z_Economic Quarterly data Final.xlsx","size":265895,"uploadedAt":"2026-05-01T12:18:12.380Z"}
{"timestamp":"2026-05-01T12:18:15.981Z","action":"file_moved_to_backup","from":"C:\\Users\\Administrator\\Desktop\\Dashboard\\backend\\Files\\active\\Economic Quarterly data Final.xlsx","to":"C:\\Users\\Administrator\\Desktop\\Dashboard\\backend\\Files\\Backup\\2026-05-01T12-18-15-980Z_Economic Quarterly data Final.xlsx","originalName":"Economic Quarterly data Final.xlsx","uploadedAt":"2026-04-06T09:01:43.967Z","backedUpAt":"2026-05-01T12:18:15.960Z","size":231779}
{"timestamp":"2026-05-01T12:18:15.982Z","action":"active_file_replaced","from":"C:\\Users\\Administrator\\Desktop\\Dashboard\\backend\\Files\\temp\\2026-05-01T12-18-12-384Z_Economic Quarterly data Final.xlsx","to":"C:\\Users\\Administrator\\Desktop\\Dashboard\\backend\\Files\\active\\Economic Quarterly data Final.xlsx","originalName":"Economic Quarterly data Final.xlsx","uploadedAt":"2026-05-01T12:18:12.380Z","size":265895}
{"timestamp":"2026-05-01T12:18:15.993Z","action":"default_dataset_set","originalName":"Economic Quarterly data Final.xlsx","uploadedAt":"2026-05-01T12:18:12.380Z","setAsDefaultAt":"2026-05-01T12:18:15.960Z","datasetBackup":"2026-05-01T12-18-15-964Z_backup_data.json","fileBackup":"2026-05-01T12-18-15-980Z_Economic Quarterly data Final.xlsx"}
{"timestamp":"2026-05-02T05:10:12.275Z","action":"upload_staged","originalName":"Economic Quarterly data Final.xlsx","stagedFilename":"2026-05-02T05-10-12-274Z_Economic Quarterly data Final.xlsx","size":265895,"uploadedAt":"2026-05-02T05:10:12.273Z"}
{"timestamp":"2026-05-02T05:12:03.479Z","action":"active_file_replace_failed","message":"EBUSY: resource busy or locked, rename 'C:\\Users\\Administrator\\Desktop\\Dashboard\\backend\\Files\\active\\Economic Quarterly data Final.xlsx' -> 'C:\\Users\\Administrator\\Desktop\\Dashboard\\backend\\Files\\Backup\\2026-05-02T05-12-03-479Z_Economic Quarterly data Final.xlsx'","stagedFilename":"2026-05-02T05-10-12-274Z_Economic Quarterly data Final.xlsx","activeFilename":"Economic Quarterly data Final.xlsx"}
{"timestamp":"2026-05-02T05:12:07.031Z","action":"active_file_replace_failed","message":"EBUSY: resource busy or locked, rename 'C:\\Users\\Administrator\\Desktop\\Dashboard\\backend\\Files\\active\\Economic Quarterly data Final.xlsx' -> 'C:\\Users\\Administrator\\Desktop\\Dashboard\\backend\\Files\\Backup\\2026-05-02T05-12-07-031Z_Economic Quarterly data Final.xlsx'","stagedFilename":"2026-05-02T05-10-12-274Z_Economic Quarterly data Final.xlsx","activeFilename":"Economic Quarterly data Final.xlsx"}
{"timestamp":"2026-05-02T05:12:12.520Z","action":"file_moved_to_backup","from":"C:\\Users\\Administrator\\Desktop\\Dashboard\\backend\\Files\\active\\Economic Quarterly data Final.xlsx","to":"C:\\Users\\Administrator\\Desktop\\Dashboard\\backend\\Files\\Backup\\2026-05-02T05-12-12-519Z_Economic Quarterly data Final.xlsx","originalName":"Economic Quarterly data Final.xlsx","uploadedAt":"2026-05-01T12:18:12.380Z","backedUpAt":"2026-05-02T05:12:12.498Z","size":265895}
{"timestamp":"2026-05-02T05:12:12.522Z","action":"active_file_replaced","from":"C:\\Users\\Administrator\\Desktop\\Dashboard\\backend\\Files\\temp\\2026-05-02T05-10-12-274Z_Economic Quarterly data Final.xlsx","to":"C:\\Users\\Administrator\\Desktop\\Dashboard\\backend\\Files\\active\\Economic Quarterly data Final.xlsx","originalName":"Economic Quarterly data Final.xlsx","uploadedAt":"2026-05-02T05:10:12.273Z","size":265895}
{"timestamp":"2026-05-02T05:12:12.536Z","action":"default_dataset_set","originalName":"Economic Quarterly data Final.xlsx","uploadedAt":"2026-05-02T05:10:12.273Z","setAsDefaultAt":"2026-05-02T05:12:12.498Z","datasetBackup":"2026-05-02T05-12-12-503Z_backup_data.json","fileBackup":"2026-05-02T05-12-12-519Z_Economic Quarterly data Final.xlsx"}
{"timestamp":"2026-05-02T07:16:24.935Z","action":"upload_staged","originalName":"Economic Quarterly data Final.xlsx","stagedFilename":"2026-05-02T07-16-24-934Z_Economic Quarterly data Final.xlsx","size":265895,"uploadedAt":"2026-05-02T07:16:24.930Z"}
{"timestamp":"2026-05-02T07:16:37.962Z","action":"staged_file_removed","stagedFilename":"2026-05-02T07-16-24-934Z_Economic Quarterly data Final.xlsx","originalName":"Economic Quarterly data Final.xlsx"}
{"timestamp":"2026-05-02T07:18:48.829Z","action":"upload_staged","originalName":"Economic Quarterly data Final.xlsx","stagedFilename":"2026-05-02T07-18-48-828Z_Economic Quarterly data Final.xlsx","size":265928,"uploadedAt":"2026-05-02T07:18:48.827Z"}
{"timestamp":"2026-05-02T07:21:36.761Z","action":"staged_file_removed","stagedFilename":"2026-05-02T07-18-48-828Z_Economic Quarterly data Final.xlsx","originalName":"Economic Quarterly data Final.xlsx"}
{"timestamp":"2026-05-02T07:22:09.305Z","action":"upload_staged","originalName":"Economic Quarterly data Final.xlsx","stagedFilename":"2026-05-02T07-22-09-305Z_Economic Quarterly data Final.xlsx","size":265928,"uploadedAt":"2026-05-02T07:22:09.304Z"}
{"timestamp":"2026-05-02T07:22:40.638Z","action":"staged_file_removed","stagedFilename":"2026-05-02T07-22-09-305Z_Economic Quarterly data Final.xlsx","originalName":"Economic Quarterly data Final.xlsx"}
{"timestamp":"2026-05-02T07:24:31.395Z","action":"upload_staged","originalName":"Economic Quarterly data Final.xlsx","stagedFilename":"2026-05-02T07-24-31-395Z_Economic Quarterly data Final.xlsx","size":265928,"uploadedAt":"2026-05-02T07:24:31.393Z"}
{"timestamp":"2026-05-02T07:27:18.819Z","action":"file_moved_to_backup","from":"C:\\Users\\Administrator\\Desktop\\Dashboard\\backend\\Files\\active\\Economic Quarterly data Final.xlsx","to":"C:\\Users\\Administrator\\Desktop\\Dashboard\\backend\\Files\\Backup\\2026-05-02T07-27-18-819Z_Economic Quarterly data Final.xlsx","originalName":"Economic Quarterly data Final.xlsx","uploadedAt":"2026-05-02T05:10:12.273Z","backedUpAt":"2026-05-02T07:27:18.797Z","size":265895}
{"timestamp":"2026-05-02T07:27:18.820Z","action":"active_file_replaced","from":"C:\\Users\\Administrator\\Desktop\\Dashboard\\backend\\Files\\temp\\2026-05-02T07-24-31-395Z_Economic Quarterly data Final.xlsx","to":"C:\\Users\\Administrator\\Desktop\\Dashboard\\backend\\Files\\active\\Economic Quarterly data Final.xlsx","originalName":"Economic Quarterly data Final.xlsx","uploadedAt":"2026-05-02T07:24:31.393Z","size":265928}
{"timestamp":"2026-05-02T07:27:18.833Z","action":"default_dataset_set","originalName":"Economic Quarterly data Final.xlsx","uploadedAt":"2026-05-02T07:24:31.393Z","setAsDefaultAt":"2026-05-02T07:27:18.797Z","datasetBackup":"2026-05-02T07-27-18-802Z_backup_data.json","fileBackup":"2026-05-02T07-27-18-819Z_Economic Quarterly data Final.xlsx"}
{"timestamp":"2026-05-02T07:29:03.910Z","action":"upload_staged","originalName":"Economic Quarterly data Final.xlsx","stagedFilename":"2026-05-02T07-29-03-909Z_Economic Quarterly data Final.xlsx","size":265928,"uploadedAt":"2026-05-02T07:29:03.908Z"}
{"timestamp":"2026-05-02T07:29:32.943Z","action":"file_moved_to_backup","from":"C:\\Users\\Administrator\\Desktop\\Dashboard\\backend\\Files\\active\\Economic Quarterly data Final.xlsx","to":"C:\\Users\\Administrator\\Desktop\\Dashboard\\backend\\Files\\Backup\\2026-05-02T07-29-32-942Z_Economic Quarterly data Final.xlsx","originalName":"Economic Quarterly data Final.xlsx","uploadedAt":"2026-05-02T07:24:31.393Z","backedUpAt":"2026-05-02T07:29:32.918Z","size":265928}
{"timestamp":"2026-05-02T07:29:32.944Z","action":"active_file_replaced","from":"C:\\Users\\Administrator\\Desktop\\Dashboard\\backend\\Files\\temp\\2026-05-02T07-29-03-909Z_Economic Quarterly data Final.xlsx","to":"C:\\Users\\Administrator\\Desktop\\Dashboard\\backend\\Files\\active\\Economic Quarterly data Final.xlsx","originalName":"Economic Quarterly data Final.xlsx","uploadedAt":"2026-05-02T07:29:03.908Z","size":265928}
{"timestamp":"2026-05-02T07:29:32.957Z","action":"default_dataset_set","originalName":"Economic Quarterly data Final.xlsx","uploadedAt":"2026-05-02T07:29:03.908Z","setAsDefaultAt":"2026-05-02T07:29:32.918Z","datasetBackup":"2026-05-02T07-29-32-924Z_backup_data.json","fileBackup":"2026-05-02T07-29-32-942Z_Economic Quarterly data Final.xlsx"}
{"timestamp":"2026-05-02T08:07:44.288Z","action":"upload_staged","originalName":"Economic Quarterly data Final.xlsx","stagedFilename":"2026-05-02T08-07-44-288Z_Economic Quarterly data Final.xlsx","size":265928,"uploadedAt":"2026-05-02T08:07:44.287Z"}
{"timestamp":"2026-05-02T08:07:51.750Z","action":"staged_file_removed","stagedFilename":"2026-05-02T08-07-44-288Z_Economic Quarterly data Final.xlsx","originalName":"Economic Quarterly data Final.xlsx"}
{"timestamp":"2026-05-02T08:17:30.508Z","action":"upload_staged","originalName":"Economic Quarterly data Final.xlsx","stagedFilename":"2026-05-02T08-17-30-507Z_Economic Quarterly data Final.xlsx","size":265901,"uploadedAt":"2026-05-02T08:17:30.506Z"}
{"timestamp":"2026-05-02T09:02:40.177Z","action":"staged_file_removed","stagedFilename":"2026-05-02T08-17-30-507Z_Economic Quarterly data Final.xlsx","originalName":"Economic Quarterly data Final.xlsx"}
{"timestamp":"2026-05-02T09:02:40.180Z","action":"upload_staged","originalName":"Economic Quarterly data Final.xlsx","stagedFilename":"2026-05-02T09-02-40-179Z_Economic Quarterly data Final.xlsx","size":264881,"uploadedAt":"2026-05-02T09:02:40.175Z"}
{"timestamp":"2026-05-02T09:02:53.328Z","action":"file_moved_to_backup","from":"C:\\Users\\Administrator\\Desktop\\Dashboard\\backend\\Files\\active\\Economic Quarterly data Final.xlsx","to":"C:\\Users\\Administrator\\Desktop\\Dashboard\\backend\\Files\\Backup\\2026-05-02T09-02-53-327Z_Economic Quarterly data Final.xlsx","originalName":"Economic Quarterly data Final.xlsx","uploadedAt":"2026-05-02T07:29:03.908Z","backedUpAt":"2026-05-02T09:02:53.301Z","size":265928}
{"timestamp":"2026-05-02T09:02:53.330Z","action":"active_file_replaced","from":"C:\\Users\\Administrator\\Desktop\\Dashboard\\backend\\Files\\temp\\2026-05-02T09-02-40-179Z_Economic Quarterly data Final.xlsx","to":"C:\\Users\\Administrator\\Desktop\\Dashboard\\backend\\Files\\active\\Economic Quarterly data Final.xlsx","originalName":"Economic Quarterly data Final.xlsx","uploadedAt":"2026-05-02T09:02:40.175Z","size":264881}
{"timestamp":"2026-05-02T09:02:53.345Z","action":"default_dataset_set","originalName":"Economic Quarterly data Final.xlsx","uploadedAt":"2026-05-02T09:02:40.175Z","setAsDefaultAt":"2026-05-02T09:02:53.301Z","datasetBackup":"2026-05-02T09-02-53-308Z_backup_data.json","fileBackup":"2026-05-02T09-02-53-327Z_Economic Quarterly data Final.xlsx"}
{"timestamp":"2026-05-04T09:52:35.048Z","action":"upload_staged","originalName":"Economic Quarterly data Final.xlsx","stagedFilename":"2026-05-04T09-52-35-047Z_Economic Quarterly data Final.xlsx","size":265925,"uploadedAt":"2026-05-04T09:52:35.045Z"}
{"timestamp":"2026-05-04T09:52:47.890Z","action":"staged_file_removed","stagedFilename":"2026-05-04T09-52-35-047Z_Economic Quarterly data Final.xlsx","originalName":"Economic Quarterly data Final.xlsx"}
{"timestamp":"2026-05-04T09:55:18.378Z","action":"upload_staged","originalName":"Economic Quarterly data Final.xlsx","stagedFilename":"2026-05-04T09-55-18-377Z_Economic Quarterly data Final.xlsx","size":265925,"uploadedAt":"2026-05-04T09:55:18.376Z"}
{"timestamp":"2026-05-04T10:11:48.785Z","action":"backup_deleted","id":"2026-04-06T09-01-22-170Z_Economic Quarterly data Final.xlsx","filename":"2026-04-06T09-01-22-170Z_Economic Quarterly data Final.xlsx","originalName":"Economic Quarterly data Final.xlsx"}
{"timestamp":"2026-05-04T10:11:53.384Z","action":"backup_deleted","id":"2026-04-06T09-01-43-967Z_Economic Quarterly data Final.xlsx","filename":"2026-04-06T09-01-43-967Z_Economic Quarterly data Final.xlsx","originalName":"Economic Quarterly data Final.xlsx"}
{"timestamp":"2026-05-04T10:11:56.309Z","action":"backup_deleted","id":"2026-04-06T09-29-42-855Z","filename":"2026-04-06T09-29-42-855Z_backup_data.json","originalName":"Economic Quarterly data Final.xlsx"}
{"timestamp":"2026-05-04T10:11:58.391Z","action":"backup_deleted","id":"2026-04-10T12-03-33-559Z","filename":"2026-04-10T12-03-33-559Z_backup_data.json","originalName":"Economic Quarterly data Final.xlsx"}
{"timestamp":"2026-05-05T04:30:29.601Z","action":"backup_deleted","id":"2026-04-18T06-40-44-949Z","filename":"2026-04-18T06-40-44-949Z_backup_data.json","originalName":"Economic Quarterly data Final.xlsx"}
{"timestamp":"2026-05-05T04:30:31.588Z","action":"backup_deleted","id":"2026-04-18T06-52-58-914Z","filename":"2026-04-18T06-52-58-914Z_backup_data.json","originalName":"Economic Quarterly data Final.xlsx"}
{"timestamp":"2026-05-05T04:30:33.611Z","action":"backup_deleted","id":"2026-05-02T07-21-36-733Z","filename":"2026-05-02T07-21-36-733Z_backup_data.json","originalName":"Economic Quarterly data Final.xlsx"}
{"timestamp":"2026-05-05T04:30:35.740Z","action":"backup_deleted","id":"2026-05-02T07-21-51-499Z","filename":"2026-05-02T07-21-51-499Z_backup_data.json","originalName":"Economic Quarterly data Final.xlsx"}
{"timestamp":"2026-05-05T04:30:38.875Z","action":"backup_deleted","id":"2026-05-02T07-27-18-802Z","filename":"2026-05-02T07-27-18-802Z_backup_data.json","originalName":"Economic Quarterly data Final.xlsx"}
{"timestamp":"2026-05-05T04:58:19.482Z","action":"staged_file_removed","stagedFilename":"2026-05-04T09-55-18-377Z_Economic Quarterly data Final.xlsx","originalName":"Economic Quarterly data Final.xlsx"}
{"timestamp":"2026-05-05T04:58:19.484Z","action":"upload_staged","originalName":"Economic Quarterly data Final.xlsx","stagedFilename":"2026-05-05T04-58-19-484Z_Economic Quarterly data Final.xlsx","size":266023,"uploadedAt":"2026-05-05T04:58:19.481Z"}
{"timestamp":"2026-05-05T05:00:44.475Z","action":"staged_file_removed","stagedFilename":"2026-05-05T04-58-19-484Z_Economic Quarterly data Final.xlsx","originalName":"Economic Quarterly data Final.xlsx"}
{"timestamp":"2026-05-05T05:01:02.857Z","action":"upload_staged","originalName":"Economic Quarterly data Final.xlsx","stagedFilename":"2026-05-05T05-01-02-856Z_Economic Quarterly data Final.xlsx","size":266023,"uploadedAt":"2026-05-05T05:01:02.855Z"}
{"timestamp":"2026-05-05T05:29:53.970Z","action":"staged_file_removed","stagedFilename":"2026-05-05T05-01-02-856Z_Economic Quarterly data Final.xlsx","originalName":"Economic Quarterly data Final.xlsx"}
{"timestamp":"2026-05-05T05:30:00.848Z","action":"upload_staged","originalName":"Economic Quarterly data Final.xlsx","stagedFilename":"2026-05-05T05-30-00-848Z_Economic Quarterly data Final.xlsx","size":266737,"uploadedAt":"2026-05-05T05:30:00.847Z"}
{"timestamp":"2026-05-05T05:57:24.610Z","action":"staged_file_removed","stagedFilename":"2026-05-05T05-30-00-848Z_Economic Quarterly data Final.xlsx","originalName":"Economic Quarterly data Final.xlsx"}
{"timestamp":"2026-05-05T05:57:24.612Z","action":"upload_staged","originalName":"Economic Quarterly data Final.xlsx","stagedFilename":"2026-05-05T05-57-24-612Z_Economic Quarterly data Final.xlsx","size":266737,"uploadedAt":"2026-05-05T05:57:24.609Z"}
{"timestamp":"2026-05-05T05:57:32.603Z","action":"staged_file_removed","stagedFilename":"2026-05-05T05-57-24-612Z_Economic Quarterly data Final.xlsx","originalName":"Economic Quarterly data Final.xlsx"}
{"timestamp":"2026-05-05T06:13:29.981Z","action":"upload_staged","originalName":"Economic Quarterly data Final.xlsx","stagedFilename":"2026-05-05T06-13-29-980Z_Economic Quarterly data Final.xlsx","size":266801,"uploadedAt":"2026-05-05T06:13:29.979Z"}
{"timestamp":"2026-05-05T06:59:57.961Z","action":"file_moved_to_backup","from":"C:\\Users\\Administrator\\Desktop\\Dashboard\\backend\\Files\\active\\Economic Quarterly data Final.xlsx","to":"C:\\Users\\Administrator\\Desktop\\Dashboard\\backend\\Files\\Backup\\2026-05-05T06-59-57-960Z_Economic Quarterly data Final.xlsx","originalName":"Economic Quarterly data Final.xlsx","uploadedAt":"2026-05-02T09:02:40.175Z","backedUpAt":"2026-05-05T06:59:57.936Z","size":264881}
{"timestamp":"2026-05-05T06:59:57.963Z","action":"active_file_replaced","from":"C:\\Users\\Administrator\\Desktop\\Dashboard\\backend\\Files\\temp\\2026-05-05T06-13-29-980Z_Economic Quarterly data Final.xlsx","to":"C:\\Users\\Administrator\\Desktop\\Dashboard\\backend\\Files\\active\\Economic Quarterly data Final.xlsx","originalName":"Economic Quarterly data Final.xlsx","uploadedAt":"2026-05-05T06:13:29.979Z","size":266801}
{"timestamp":"2026-05-05T06:59:57.976Z","action":"default_dataset_set","originalName":"Economic Quarterly data Final.xlsx","uploadedAt":"2026-05-05T06:13:29.979Z","setAsDefaultAt":"2026-05-05T06:59:57.936Z","datasetBackup":"2026-05-05T06-59-57-942Z_backup_data.json","fileBackup":"2026-05-05T06-59-57-960Z_Economic Quarterly data Final.xlsx"}
{"timestamp":"2026-05-05T07:00:09.695Z","action":"backup_deleted","id":"2026-05-02T07-29-32-924Z","filename":"2026-05-02T07-29-32-924Z_backup_data.json","originalName":"Economic Quarterly data Final.xlsx"}
{"timestamp":"2026-05-08T08:11:12.481Z","action":"upload_staged","originalName":"Economic Quarterly data Final.xlsx","stagedFilename":"2026-05-08T08-11-12-480Z_Economic Quarterly data Final.xlsx","size":266847,"uploadedAt":"2026-05-08T08:11:12.478Z"}
{"timestamp":"2026-05-08T08:12:40.789Z","action":"staged_file_removed","stagedFilename":"2026-05-08T08-11-12-480Z_Economic Quarterly data Final.xlsx","originalName":"Economic Quarterly data Final.xlsx"}
{"timestamp":"2026-05-08T08:13:22.414Z","action":"upload_staged","originalName":"Economic Quarterly data Final.xlsx","stagedFilename":"2026-05-08T08-13-22-413Z_Economic Quarterly data Final.xlsx","size":266853,"uploadedAt":"2026-05-08T08:13:22.412Z"}
{"timestamp":"2026-05-08T08:13:42.718Z","action":"file_moved_to_backup","from":"C:\\Users\\Administrator\\Desktop\\Dashboard\\backend\\Files\\active\\Economic Quarterly data Final.xlsx","to":"C:\\Users\\Administrator\\Desktop\\Dashboard\\backend\\Files\\Backup\\2026-05-08T08-13-42-717Z_Economic Quarterly data Final.xlsx","originalName":"Economic Quarterly data Final.xlsx","uploadedAt":"2026-05-05T06:13:29.979Z","backedUpAt":"2026-05-08T08:13:42.693Z","size":266801}
{"timestamp":"2026-05-08T08:13:42.720Z","action":"active_file_replaced","from":"C:\\Users\\Administrator\\Desktop\\Dashboard\\backend\\Files\\temp\\2026-05-08T08-13-22-413Z_Economic Quarterly data Final.xlsx","to":"C:\\Users\\Administrator\\Desktop\\Dashboard\\backend\\Files\\active\\Economic Quarterly data Final.xlsx","originalName":"Economic Quarterly data Final.xlsx","uploadedAt":"2026-05-08T08:13:22.412Z","size":266853}
{"timestamp":"2026-05-08T08:13:42.734Z","action":"default_dataset_set","originalName":"Economic Quarterly data Final.xlsx","uploadedAt":"2026-05-08T08:13:22.412Z","setAsDefaultAt":"2026-05-08T08:13:42.693Z","datasetBackup":"2026-05-08T08-13-42-699Z_backup_data.json","fileBackup":"2026-05-08T08-13-42-717Z_Economic Quarterly data Final.xlsx"}
